[04:04:58] [main/INFO]: Loading Minecraft 1.21.9 with Fabric Loader 0.18.4
[04:05:00] [main/WARN]: Warnings were found!
 - Mod 'OptiGUI' (optigui) 2.3.0-beta.9+1.21.9 recommends any version of animatica, which is missing!
	 - You should install any version of animatica for the optimal experience.
[04:05:00] [main/INFO]: Loading 187 mods:
	- appleskin 3.0.7+mc1.21.9
	- armor-hud-percentages 1.1.0+1.21.10
	   \-- mixinsquared 0.3.3
	- badoptimizations 2.3.3
	- betterrenderdistance 1.2.0
	- bobby 5.2.10+mc1.21.9
	   |-- com_typesafe_config 1.4.2
	   |-- fabric-api-base 1.0.0+14b92d8987
	   |-- fabric-command-api-v2 2.3.7+328a75ba87
	   |-- io_leangen_geantyref_geantyref 1.3.13
	   |-- org_spongepowered_configurate-core 4.1.2
	   \-- org_spongepowered_configurate-hocon 4.1.2
	- c2me 0.3.5.1.0+1.21.10
	   |-- c2me-base 0.3.5.1.0+1.21.10
	   |-- c2me-client-uncapvd 0.3.5.1.0+1.21.10
	   |-- c2me-fixes-chunkio-threading-issues 0.3.5.1.0+1.21.10
	   |-- c2me-fixes-general-threading-issues 0.3.5.1.0+1.21.10
	   |-- c2me-fixes-worldgen-threading-issues 0.3.5.1.0+1.21.10
	   |-- c2me-fixes-worldgen-vanilla-bugs 0.3.5.1.0+1.21.10
	   |-- c2me-notickvd 0.3.5.1.0+1.21.10
	   |-- c2me-opts-allocs 0.3.5.1.0+1.21.10
	   |-- c2me-opts-chunkio 0.3.5.1.0+1.21.10
	   |-- c2me-opts-dfc 0.3.5.1.0+1.21.10
	   |-- c2me-opts-math 0.3.5.1.0+1.21.10
	   |-- c2me-opts-scheduling 0.3.5.1.0+1.21.10
	   |-- c2me-opts-worldgen-general 0.3.5.1.0+1.21.10
	   |-- c2me-opts-worldgen-vanilla 0.3.5.1.0+1.21.10
	   |-- c2me-rewrites-chunk-serializer 0.3.5.1.0+1.21.10
	   |-- c2me-rewrites-chunk-system 0.3.5.1.0+1.21.10
	   |-- c2me-rewrites-chunkio 0.3.5.1.0+1.21.10
	   |-- c2me-server-utils 0.3.5.1.0+1.21.10
	   |-- c2me-threading-lighting 0.3.5.1.0+1.21.10
	   |-- com_ibm_async_asyncutil 0.1.0
	   |-- io_reactivex_rxjava3_rxjava 3.1.12
	   |-- net_objecthunter_exp4j 0.4.8
	   |-- org_jctools_jctools-core 4.0.5
	   \-- org_reactivestreams_reactive-streams 1.0.4
	- carpet 1.4.186+v251009
	- centered-crosshair 1.3.0
	- clientkits 1.0.0
	- cloth-config 20.0.149
	   \-- cloth-basic-math 0.6.1
	- clumps 27.0.0.2
	- combat-hitboxes 1.0.5
	- commandkeys 2.3.17+1.21.10
	- crosshairaddons 2.1.0-1.21.9
	- cubes-without-borders 3.0.0+mc1.21.5
	- cullleaves 4.1.1
	- elytrapitch 1.4.5
	- entityculling 1.9.3
	- explorify 1.6.4
	- fabric-api 0.134.1+1.21.9
	   |-- fabric-api-lookup-api-v1 1.6.106+d17682157d
	   |-- fabric-biome-api-v1 16.1.0+c2417d4f7d
	   |-- fabric-block-api-v1 1.1.5+d17682157d
	   |-- fabric-block-view-api-v2 1.0.34+e4fd1b927d
	   |-- fabric-content-registries-v0 10.2.3+b6a242647d
	   |-- fabric-convention-tags-v1 2.1.47+7f945d5b7d
	   |-- fabric-convention-tags-v2 2.15.12+3154c1c87d
	   |-- fabric-crash-report-info-v1 0.3.18+33df5e6e7d
	   |-- fabric-data-attachment-api-v1 1.8.28+9bce411b7d
	   |-- fabric-data-generation-api-v1 23.2.22+d8b85ef17d
	   |-- fabric-dimensions-v1 4.0.22+38b9cc197d
	   |-- fabric-entity-events-v1 2.1.12+14b92d897d
	   |-- fabric-events-interaction-v0 4.0.35+5ba217127d
	   |-- fabric-game-rule-api-v1 1.1.1+e47eaae57d
	   |-- fabric-item-api-v1 11.5.8+9bce411b7d
	   |-- fabric-item-group-api-v1 4.2.24+86b3ae577d
	   |-- fabric-key-binding-api-v1 1.1.1+b3ba9c487d
	   |-- fabric-lifecycle-events-v1 2.6.9+33df5e6e7d
	   |-- fabric-loot-api-v2 3.0.64+3f89f5a57d
	   |-- fabric-loot-api-v3 2.0.11+d17682157d
	   |-- fabric-message-api-v1 6.1.7+3154c1c87d
	   |-- fabric-model-loading-api-v1 6.0.1+3ffd6ef07d
	   |-- fabric-networking-api-v1 5.0.13+d269470c7d
	   |-- fabric-object-builder-api-v1 21.1.24+9bce411b7d
	   |-- fabric-particles-v1 4.2.2+a0ee59a47d
	   |-- fabric-recipe-api-v1 8.1.26+d17682157d
	   |-- fabric-registry-sync-v0 6.1.41+679c8c5c7d
	   |-- fabric-renderer-api-v1 7.1.2+c523dc837d
	   |-- fabric-renderer-indigo 4.0.20+c523dc837d
	   |-- fabric-rendering-fluids-v1 3.1.38+86b3ae577d
	   |-- fabric-resource-conditions-api-v1 5.0.28+33df5e6e7d
	   |-- fabric-screen-api-v1 3.1.0+9c82a7987d
	   |-- fabric-screen-handler-api-v1 1.3.150+d17682157d
	   |-- fabric-serialization-api-v1 1.0.0+d857c9767d
	   |-- fabric-sound-api-v1 1.0.45+328a75ba7d
	   |-- fabric-tag-api-v1 1.2.10+2fa446b27d
	   |-- fabric-transfer-api-v1 6.0.15+79ec2c127d
	   \-- fabric-transitive-access-wideners-v1 6.5.3+41eb43437d
	- fabric-language-kotlin 1.13.9+kotlin.2.3.10
	   |-- org_jetbrains_kotlin_kotlin-reflect 2.3.10
	   |-- org_jetbrains_kotlin_kotlin-stdlib 2.3.10
	   |-- org_jetbrains_kotlin_kotlin-stdlib-jdk7 2.3.10
	   |-- org_jetbrains_kotlin_kotlin-stdlib-jdk8 2.3.10
	   |-- org_jetbrains_kotlinx_atomicfu-jvm 0.31.0
	   |-- org_jetbrains_kotlinx_kotlinx-coroutines-core-jvm 1.10.2
	   |-- org_jetbrains_kotlinx_kotlinx-coroutines-jdk8 1.10.2
	   |-- org_jetbrains_kotlinx_kotlinx-datetime-jvm 0.7.1
	   |-- org_jetbrains_kotlinx_kotlinx-io-bytestring-jvm 0.8.2
	   |-- org_jetbrains_kotlinx_kotlinx-io-core-jvm 0.8.2
	   |-- org_jetbrains_kotlinx_kotlinx-serialization-cbor-jvm 1.10.0
	   |-- org_jetbrains_kotlinx_kotlinx-serialization-core-jvm 1.10.0
	   \-- org_jetbrains_kotlinx_kotlinx-serialization-json-jvm 1.10.0
	- fabricloader 0.18.4
	   \-- mixinextras 0.5.0
	- ferritecore 8.0.2
	- forcecloseworldloadingscreen 2.3.2
	- forgeconfigapiport 21.9.8
	   |-- com_electronwill_night-config_core 3.8.3
	   \-- com_electronwill_night-config_toml 3.8.3
	- fpsreducer 1.21.9-2.14
	- freecam 1.3.5+mc1.21.10
	- fzzy_config 0.7.6+1.21.9
	   |-- blue_endless_jankson 1.2.3
	   |-- fabric-permissions-api-v0 0.5.0
	   \-- net_peanuuutz_tomlkt_tomlkt-jvm 0.3.7
	- herosanchoroptimizer 1.1.4
	- hotbarslotpresets 1.0.0
	- immediatelyfast 1.13.2+1.21.10
	   \-- net_lenni0451_reflect 1.3.4
	- immersive-hotbar 1.0.4-1.21.9
	- inventoryhud 3.4.29
	- java 21
	- krypton 0.2.10
	   \-- com_velocitypowered_velocity-native 3.4.0-SNAPSHOT
	- languagereload 1.7.5+1.21.10
	- lithium 0.19.2+mc1.21.9
	- midnightlib 1.9.2
	- minecraft 1.21.9
	- minecraftcapes 12.4.0
	- modmenu 16.0.0-rc.1
	   \-- fabric-api-base 1.0.0+14b92d8987
	- moreculling 1.5.0-beta.2
	   \-- conditional-mixin 0.6.3
	- no-resource-pack-warnings 1.4.0
	- nogapsinyoitems 1.0.1+1.21.9-1.21.11
	- notexturerotations 1.0.4
	- nowheel 1.3.2+mc1.21.2
	- optigui 2.3.0-beta.9+1.21.9
	   |-- org_apache_commons_commons-text 1.12.0
	   \-- org_ini4j_ini4j 0.5.4
	- optimized_fullbright 1.1.0
	- packetfixer 3.3.1
	- particle_core 0.3.2+1.21.9
	- placeholder-api 2.8.1+1.21.10
	- priority 1.0.1+mc1.21.6
	- puzzle 2.1.2
	- quickmovekeybinding 1.0.0
	- reach_display 2.2.1-1.21.9
	- reeses-sodium-options 1.8.5+mc1.21.9
	- resourcify 1.7.5
	- rrls 5.1.12+mc1.21.9-fabric
	- scalablelux 0.1.6+fabric.c25518a
	- shieldfixes 2.0.1-1.21.9
	- shulkerboxtooltip 5.2.12+1.21.9
	- sodium 0.7.3+mc1.21.10
	   |-- fabric-rendering-v1 16.0.2+91152d886f
	   |-- fabric-resource-loader-v0 3.2.3+3388a3b26f
	   \-- fabric-resource-loader-v1 1.0.3+8cc86c156f
	- sodium-extra 0.7.0+mc1.21.9
	- spark 1.10.152
	   \-- fabric-permissions-api-v0 0.5.0
	- tick-sync 1.2.8
	- toggle-scoreboard 1.3.0
	- toggle-sprint-display 1.6.0
	- ukulib 1.9.0+1.21.9
	   |-- com_moandjiezana_toml_toml4j 0.7.2
	   \-- fabric-command-api-v2 2.3.7+328a75ba87
	- ukus-armor-hud 0.9.3+mc1.21.10
	- vmp 0.2.0+beta.7.212+1.21.9
	   \-- com_ibm_async_asyncutil 0.1.0
	- voicechat 1.21.9-2.6.4
	   |-- fabric-api-base 1.0.0+14b92d8987
	   |-- fabric-command-api-v2 2.3.7+328a75ba87
	   \-- voicechat_api 2.6.0
	- walksylib 0.9.96+1.21.9
	- waveycapes 1.8.0
	   |-- transition 1.0.9
	   \-- trender 1.0.9
	- wi_zoom 1.6-MC1.21.9
	- xaerominimap 25.2.15
	- yet_another_config_lib_v3 3.8.0+1.21.9-fabric
	   |-- com_twelvemonkeys_common_common-image 3.12.0
	   |-- com_twelvemonkeys_common_common-io 3.12.0
	   |-- com_twelvemonkeys_common_common-lang 3.12.0
	   |-- com_twelvemonkeys_imageio_imageio-core 3.12.0
	   |-- com_twelvemonkeys_imageio_imageio-metadata 3.12.0
	   |-- com_twelvemonkeys_imageio_imageio-webp 3.12.0
	   |-- org_quiltmc_parsers_gson 0.2.1
	   \-- org_quiltmc_parsers_json 0.2.1
	- zoomify 2.14.6+1.21.9
	   \-- com_akuleshov7_ktoml-core-jvm 0.5.2
[04:05:00] [main/INFO]: SpongePowered MIXIN Subsystem Version=0.8.7 Source=file:/home/lypinn/.minecraft/libraries/net/fabricmc/sponge-mixin/0.17.0+mixin.0.8.7/sponge-mixin-0.17.0+mixin.0.8.7.jar Service=Knot/Fabric Env=CLIENT
[04:05:01] [main/INFO]: Compatibility level set to JAVA_21
[04:05:01] [main/INFO]: Config version: 4
[04:05:01] [main/INFO]: BadOptimizations config dump:
[04:05:01] [main/INFO]: enable_toast_optimizations: true
[04:05:01] [main/INFO]: ignore_mod_incompatibilities: false
[04:05:01] [main/INFO]: lightmap_time_change_needed_for_update: 80
[04:05:01] [main/INFO]: enable_lightmap_caching: true
[04:05:01] [main/INFO]: enable_particle_manager_optimization: true
[04:05:01] [main/INFO]: enable_entity_renderer_caching: true
[04:05:01] [main/INFO]: log_config: true
[04:05:01] [main/INFO]: enable_remove_redundant_fov_calculations: true
[04:05:01] [main/INFO]: config_version: 4
[04:05:01] [main/INFO]: enable_sky_angle_caching_in_worldrenderer: true
[04:05:01] [main/INFO]: enable_block_entity_renderer_caching: true
[04:05:01] [main/INFO]: skycolor_time_change_needed_for_update: 3
[04:05:01] [main/INFO]: enable_entity_flag_caching: true
[04:05:01] [main/INFO]: enable_debug_renderer_disable_if_not_needed: true
[04:05:01] [main/INFO]: enable_sky_color_caching: true
[04:05:01] [main/INFO]: enable_remove_tutorial_if_not_demo: true
[04:05:01] [main/INFO]: show_f3_text: true
[04:05:01] [main/INFO]: Disabling enable_lightmap_caching because mod "optimized_fullbright" marks itself as incompatible with it (external)
[04:05:01] [main/INFO]: Disabling enable_sky_color_caching because mod "optimized_fullbright" marks itself as incompatible with it (external)
[04:05:01] [main/INFO]: Initializing com.ishland.c2me.base.mixin
[04:05:01] [main/INFO]: Global Executor Parallelism: 1 configured, 1 evaluated, 1 default evaluated
[04:05:01] [main/INFO]: Initializing com.ishland.c2me.client.uncapvd.mixin
[04:05:01] [main/INFO]: Disabling config clientSideConfig.modifyMaxVDConfig.enabled: Incompatible with bobby@5.2.10+mc1.21.9 (*) (defined in c2me)
[04:05:01] [main/INFO]: Disabling com.ishland.c2me.client.uncapvd.mixin
[04:05:01] [main/INFO]: Initializing com.ishland.c2me.fixes.chunkio.threading_issues.mixin
[04:05:01] [main/INFO]: Initializing com.ishland.c2me.fixes.general.threading_issues.mixin
[04:05:01] [main/INFO]: Initializing com.ishland.c2me.fixes.worldgen.threading_issues.mixin
[04:05:01] [main/INFO]: Initializing com.ishland.c2me.fixes.worldgen.vanilla_bugs.mixin
[04:05:01] [main/INFO]: Initializing com.ishland.c2me.notickvd.mixin
[04:05:01] [main/INFO]: Initializing com.ishland.c2me.opts.allocs.mixin
[04:05:01] [main/INFO]: Initializing com.ishland.c2me.opts.chunkio.mixin
[04:05:01] [main/INFO]: Initializing com.ishland.c2me.opts.dfc.mixin
[04:05:01] [main/INFO]: Initializing com.ishland.c2me.opts.math.mixin
[04:05:01] [main/INFO]: Initializing com.ishland.c2me.opts.scheduling.mixin
[04:05:01] [main/INFO]: Initializing com.ishland.c2me.opts.worldgen.general.mixin
[04:05:01] [main/INFO]: Initializing com.ishland.c2me.opts.worldgen.vanilla.mixin
[04:05:01] [main/INFO]: Initializing com.ishland.c2me.rewrites.chunk_serializer.mixin
[04:05:01] [main/INFO]: Disabling com.ishland.c2me.rewrites.chunk_serializer.mixin
[04:05:01] [main/INFO]: Initializing com.ishland.c2me.rewrites.chunksystem.mixin
[04:05:01] [main/INFO]: Initializing com.ishland.c2me.rewrites.chunkio.mixin
[04:05:01] [main/INFO]: Initializing com.ishland.c2me.server.utils.mixin
[04:05:01] [main/INFO]: Initializing com.ishland.c2me.threading.lighting.mixin
[04:05:01] [main/WARN]: Reference map 'forgeconfigapiport.common.refmap.json' for forgeconfigapiport.common.mixins.json could not be read. If this is a development environment you can ignore this message
[04:05:01] [main/WARN]: Reference map 'forgeconfigapiport.fabric.refmap.json' for forgeconfigapiport.fabric.mixins.json could not be read. If this is a development environment you can ignore this message
[04:05:01] [main/INFO]: OptiFine was NOT detected.
[04:05:01] [main/INFO]: OptiFabric was NOT detected.
[04:05:02] [main/INFO]: Loaded configuration file for Lithium: 163 options available, 0 override(s) found.
[04:05:02] [main/INFO]: Loaded configuration file for Sodium: 42 options available, 0 override(s) found
[04:05:02] [main/INFO]: Loaded configuration file for Sodium Extra: 33 options available, 0 override(s) found
[04:05:02] [main/INFO]: Successfully started async appender with [Tracy, SysOut, File]
[04:05:02] [main/WARN]: Reference map 'yet_another_config_lib_v3.refmap.json' for yacl.mixins.json could not be read. If this is a development environment you can ignore this message
[04:05:02] [main/WARN]: Reference map 'yet_another_config_lib_v3.refmap.json' for yacl-fabric.mixins.json could not be read. If this is a development environment you can ignore this message
[04:05:03] [main/INFO]: bre2el.fpsreducer.mixin.MinecraftMixin will be applied.
[04:05:03] [main/INFO]: bre2el.fpsreducer.mixin.KeyboardHandlerMixin will be applied.
[04:05:03] [main/INFO]: bre2el.fpsreducer.mixin.RenderSystemMixin will be applied.
[04:05:03] [main/INFO]: bre2el.fpsreducer.mixin.FramerateLimitTrackerMixin will be applied.
[04:05:03] [main/INFO]: bre2el.fpsreducer.mixin.VideoSettingScreenMixin will be applied.
[04:05:03] [main/WARN]: Error loading class: net/irisshaders/iris/pathways/HandRenderer (java.lang.ClassNotFoundException: net/irisshaders/iris/pathways/HandRenderer)
[04:05:03] [main/WARN]: Error loading class: net/irisshaders/iris/shadows/ShadowRenderer (java.lang.ClassNotFoundException: net/irisshaders/iris/shadows/ShadowRenderer)
[04:05:05] [main/INFO]: Searching for graphics cards...
[04:05:05] [main/INFO]: Found graphics adapter: LinuxPciAdapterInfo[vendor=AMD, name=RS780L [Radeon 3000], pciVendorId=0x1002, pciDeviceId=0x9616]
[04:05:05] [main/INFO]: Initializing MixinExtras via com.llamalad7.mixinextras.service.MixinExtrasServiceImpl(version=0.5.0).
[04:05:10] [Datafixer Bootstrap/INFO]: 278 Datafixer optimizations took 2795 milliseconds
[04:05:24] [Render thread/ERROR]: Mixin apply for mod quickmovekeybinding failed quickmovekeybinding.mixins.json:HandledScreenMixin from mod quickmovekeybinding -> net.minecraft.class_465: org.spongepowered.asm.mixin.injection.throwables.InvalidInjectionException Critical injection failure: @WrapOperation annotation on quickmovekeybinding$customShift could not find any targets matching 'mouseClicked' in net/minecraft/class_465. No refMap loaded. [INJECT_PREPARE Applicator Phase -> quickmovekeybinding.mixins.json:HandledScreenMixin from mod quickmovekeybinding -> Prepare Injections -> wrapOperation$dgm000$quickmovekeybinding$customShift(Lcom/llamalad7/mixinextras/injector/wrapoperation/Operation;)Z -> Parse ->  -> Validate Targets]
org.spongepowered.asm.mixin.injection.throwables.InvalidInjectionException: Critical injection failure: @WrapOperation annotation on quickmovekeybinding$customShift could not find any targets matching 'mouseClicked' in net/minecraft/class_465. No refMap loaded. [INJECT_PREPARE Applicator Phase -> quickmovekeybinding.mixins.json:HandledScreenMixin from mod quickmovekeybinding -> Prepare Injections -> wrapOperation$dgm000$quickmovekeybinding$customShift(Lcom/llamalad7/mixinextras/injector/wrapoperation/Operation;)Z -> Parse ->  -> Validate Targets]
	at org.spongepowered.asm.mixin.injection.selectors.TargetSelectors.validate(TargetSelectors.java:346) ~[sponge-mixin-0.17.0+mixin.0.8.7.jar:0.17.0+mixin.0.8.7]
	at org.spongepowered.asm.mixin.injection.struct.InjectionInfo.readAnnotation(InjectionInfo.java:369) ~[sponge-mixin-0.17.0+mixin.0.8.7.jar:0.17.0+mixin.0.8.7]
	at org.spongepowered.asm.mixin.injection.struct.InjectionInfo.<init>(InjectionInfo.java:340) ~[sponge-mixin-0.17.0+mixin.0.8.7.jar:0.17.0+mixin.0.8.7]
	at knot/com.llamalad7.mixinextras.injector.MixinExtrasInjectionInfo.<init>(MixinExtrasInjectionInfo.java:14) ~[mixinextras-0.5.0-1f6627383f457848.jar:?]
	at knot/com.llamalad7.mixinextras.injector.MixinExtrasLateInjectionInfo.<init>(MixinExtrasLateInjectionInfo.java:19) ~[mixinextras-0.5.0-1f6627383f457848.jar:?]
	at knot/com.llamalad7.mixinextras.injector.wrapoperation.WrapOperationInjectionInfo.<init>(WrapOperationInjectionInfo.java:28) ~[mixinextras-0.5.0-1f6627383f457848.jar:?]
	at java.base/jdk.internal.reflect.DirectConstructorHandleAccessor.newInstance(DirectConstructorHandleAccessor.java:62) ~[?:?]
	at java.base/java.lang.reflect.Constructor.newInstanceWithCaller(Constructor.java:502) ~[?:?]
	at java.base/java.lang.reflect.Constructor.newInstance(Constructor.java:486) ~[?:?]
	at org.spongepowered.asm.mixin.injection.struct.InjectionInfo$InjectorEntry.create(InjectionInfo.java:196) ~[sponge-mixin-0.17.0+mixin.0.8.7.jar:0.17.0+mixin.0.8.7]
	at org.spongepowered.asm.mixin.injection.struct.InjectionInfo.parse(InjectionInfo.java:664) ~[sponge-mixin-0.17.0+mixin.0.8.7.jar:0.17.0+mixin.0.8.7]
	at org.spongepowered.asm.mixin.transformer.MixinTargetContext.prepareInjections(MixinTargetContext.java:1396) ~[sponge-mixin-0.17.0+mixin.0.8.7.jar:0.17.0+mixin.0.8.7]
	at org.spongepowered.asm.mixin.transformer.MixinApplicatorStandard.prepareInjections(MixinApplicatorStandard.java:731) ~[sponge-mixin-0.17.0+mixin.0.8.7.jar:0.17.0+mixin.0.8.7]
	at org.spongepowered.asm.mixin.transformer.MixinApplicatorStandard.applyMixin(MixinApplicatorStandard.java:315) ~[sponge-mixin-0.17.0+mixin.0.8.7.jar:0.17.0+mixin.0.8.7]
	at org.spongepowered.asm.mixin.transformer.MixinApplicatorStandard.apply(MixinApplicatorStandard.java:246) ~[sponge-mixin-0.17.0+mixin.0.8.7.jar:0.17.0+mixin.0.8.7]
	at org.spongepowered.asm.mixin.transformer.TargetClassContext.apply(TargetClassContext.java:437) ~[sponge-mixin-0.17.0+mixin.0.8.7.jar:0.17.0+mixin.0.8.7]
	at org.spongepowered.asm.mixin.transformer.TargetClassContext.applyMixins(TargetClassContext.java:418) ~[sponge-mixin-0.17.0+mixin.0.8.7.jar:0.17.0+mixin.0.8.7]
	at org.spongepowered.asm.mixin.transformer.MixinProcessor.applyMixins(MixinProcessor.java:352) [sponge-mixin-0.17.0+mixin.0.8.7.jar:0.17.0+mixin.0.8.7]
	at org.spongepowered.asm.mixin.transformer.MixinTransformer.transformClass(MixinTransformer.java:237) [sponge-mixin-0.17.0+mixin.0.8.7.jar:0.17.0+mixin.0.8.7]
	at org.spongepowered.asm.mixin.transformer.MixinTransformer.transformClassBytes(MixinTransformer.java:202) [sponge-mixin-0.17.0+mixin.0.8.7.jar:0.17.0+mixin.0.8.7]
	at net.fabricmc.loader.impl.launch.knot.KnotClassDelegate.getPostMixinClassByteArray(KnotClassDelegate.java:435) [fabric-loader-0.18.4.jar:?]
	at net.fabricmc.loader.impl.launch.knot.KnotClassDelegate.tryLoadClass(KnotClassDelegate.java:336) [fabric-loader-0.18.4.jar:?]
	at net.fabricmc.loader.impl.launch.knot.KnotClassDelegate.loadClass(KnotClassDelegate.java:231) [fabric-loader-0.18.4.jar:?]
	at net.fabricmc.loader.impl.launch.knot.KnotClassLoader.loadClass(KnotClassLoader.java:119) [fabric-loader-0.18.4.jar:?]
	at java.base/java.lang.ClassLoader.loadClass(ClassLoader.java:526) ~[?:?]
	at java.base/java.lang.ClassLoader.defineClass1(Native Method) [?:?]
	at java.base/java.lang.ClassLoader.defineClass(ClassLoader.java:1027) [?:?]
	at java.base/java.security.SecureClassLoader.defineClass(SecureClassLoader.java:150) [?:?]
	at net.fabricmc.loader.impl.launch.knot.KnotClassLoader.defineClassFwd(KnotClassLoader.java:165) [fabric-loader-0.18.4.jar:?]
	at net.fabricmc.loader.impl.launch.knot.KnotClassDelegate.tryLoadClass(KnotClassDelegate.java:368) [fabric-loader-0.18.4.jar:?]
	at net.fabricmc.loader.impl.launch.knot.KnotClassDelegate.loadClass(KnotClassDelegate.java:231) [fabric-loader-0.18.4.jar:?]
	at net.fabricmc.loader.impl.launch.knot.KnotClassLoader.loadClass(KnotClassLoader.java:119) [fabric-loader-0.18.4.jar:?]
	at java.base/java.lang.ClassLoader.loadClass(ClassLoader.java:526) ~[?:?]
	at java.base/java.lang.ClassLoader.defineClass1(Native Method) [?:?]
	at java.base/java.lang.ClassLoader.defineClass(ClassLoader.java:1027) [?:?]
	at java.base/java.security.SecureClassLoader.defineClass(SecureClassLoader.java:150) [?:?]
	at net.fabricmc.loader.impl.launch.knot.KnotClassLoader.defineClassFwd(KnotClassLoader.java:165) [fabric-loader-0.18.4.jar:?]
	at net.fabricmc.loader.impl.launch.knot.KnotClassDelegate.tryLoadClass(KnotClassDelegate.java:368) [fabric-loader-0.18.4.jar:?]
	at net.fabricmc.loader.impl.launch.knot.KnotClassDelegate.loadClass(KnotClassDelegate.java:231) [fabric-loader-0.18.4.jar:?]
	at net.fabricmc.loader.impl.launch.knot.KnotClassLoader.loadClass(KnotClassLoader.java:119) [fabric-loader-0.18.4.jar:?]
	at java.base/java.lang.ClassLoader.loadClass(ClassLoader.java:526) [?:?]
	at knot/net.minecraft.client.main.Main.main(Main.java:234) [client-intermediary.jar:?]
	at net.fabricmc.loader.impl.game.minecraft.MinecraftGameProvider.launch(MinecraftGameProvider.java:514) [fabric-loader-0.18.4.jar:?]
	at net.fabricmc.loader.impl.launch.knot.Knot.launch(Knot.java:72) [fabric-loader-0.18.4.jar:?]
	at net.fabricmc.loader.impl.launch.knot.KnotClient.main(KnotClient.java:23) [fabric-loader-0.18.4.jar:?]
[04:05:24] [Render thread/ERROR]: Mixin apply for mod quickmovekeybinding failed quickmovekeybinding.mixins.json:HandledScreenMixin from mod quickmovekeybinding -> net.minecraft.class_465: org.spongepowered.asm.mixin.injection.throwables.InvalidInjectionException Critical injection failure: @WrapOperation annotation on quickmovekeybinding$customShift could not find any targets matching 'mouseClicked' in net/minecraft/class_465. No refMap loaded. [INJECT_PREPARE Applicator Phase -> quickmovekeybinding.mixins.json:HandledScreenMixin from mod quickmovekeybinding -> Prepare Injections -> wrapOperation$dgm000$quickmovekeybinding$customShift(Lcom/llamalad7/mixinextras/injector/wrapoperation/Operation;)Z -> Parse ->  -> Validate Targets]
org.spongepowered.asm.mixin.injection.throwables.InvalidInjectionException: Critical injection failure: @WrapOperation annotation on quickmovekeybinding$customShift could not find any targets matching 'mouseClicked' in net/minecraft/class_465. No refMap loaded. [INJECT_PREPARE Applicator Phase -> quickmovekeybinding.mixins.json:HandledScreenMixin from mod quickmovekeybinding -> Prepare Injections -> wrapOperation$dgm000$quickmovekeybinding$customShift(Lcom/llamalad7/mixinextras/injector/wrapoperation/Operation;)Z -> Parse ->  -> Validate Targets]
	at org.spongepowered.asm.mixin.injection.selectors.TargetSelectors.validate(TargetSelectors.java:346) ~[sponge-mixin-0.17.0+mixin.0.8.7.jar:0.17.0+mixin.0.8.7]
	at org.spongepowered.asm.mixin.injection.struct.InjectionInfo.readAnnotation(InjectionInfo.java:369) ~[sponge-mixin-0.17.0+mixin.0.8.7.jar:0.17.0+mixin.0.8.7]
	at org.spongepowered.asm.mixin.injection.struct.InjectionInfo.<init>(InjectionInfo.java:340) ~[sponge-mixin-0.17.0+mixin.0.8.7.jar:0.17.0+mixin.0.8.7]
	at knot/com.llamalad7.mixinextras.injector.MixinExtrasInjectionInfo.<init>(MixinExtrasInjectionInfo.java:14) ~[mixinextras-0.5.0-1f6627383f457848.jar:?]
	at knot/com.llamalad7.mixinextras.injector.MixinExtrasLateInjectionInfo.<init>(MixinExtrasLateInjectionInfo.java:19) ~[mixinextras-0.5.0-1f6627383f457848.jar:?]
	at knot/com.llamalad7.mixinextras.injector.wrapoperation.WrapOperationInjectionInfo.<init>(WrapOperationInjectionInfo.java:28) ~[mixinextras-0.5.0-1f6627383f457848.jar:?]
	at java.base/jdk.internal.reflect.DirectConstructorHandleAccessor.newInstance(DirectConstructorHandleAccessor.java:62) ~[?:?]
	at java.base/java.lang.reflect.Constructor.newInstanceWithCaller(Constructor.java:502) ~[?:?]
	at java.base/java.lang.reflect.Constructor.newInstance(Constructor.java:486) ~[?:?]
	at org.spongepowered.asm.mixin.injection.struct.InjectionInfo$InjectorEntry.create(InjectionInfo.java:196) ~[sponge-mixin-0.17.0+mixin.0.8.7.jar:0.17.0+mixin.0.8.7]
	at org.spongepowered.asm.mixin.injection.struct.InjectionInfo.parse(InjectionInfo.java:664) ~[sponge-mixin-0.17.0+mixin.0.8.7.jar:0.17.0+mixin.0.8.7]
	at org.spongepowered.asm.mixin.transformer.MixinTargetContext.prepareInjections(MixinTargetContext.java:1396) ~[sponge-mixin-0.17.0+mixin.0.8.7.jar:0.17.0+mixin.0.8.7]
	at org.spongepowered.asm.mixin.transformer.MixinApplicatorStandard.prepareInjections(MixinApplicatorStandard.java:731) ~[sponge-mixin-0.17.0+mixin.0.8.7.jar:0.17.0+mixin.0.8.7]
	at org.spongepowered.asm.mixin.transformer.MixinApplicatorStandard.applyMixin(MixinApplicatorStandard.java:315) ~[sponge-mixin-0.17.0+mixin.0.8.7.jar:0.17.0+mixin.0.8.7]
	at org.spongepowered.asm.mixin.transformer.MixinApplicatorStandard.apply(MixinApplicatorStandard.java:246) ~[sponge-mixin-0.17.0+mixin.0.8.7.jar:0.17.0+mixin.0.8.7]
	at org.spongepowered.asm.mixin.transformer.TargetClassContext.apply(TargetClassContext.java:437) ~[sponge-mixin-0.17.0+mixin.0.8.7.jar:0.17.0+mixin.0.8.7]
	at org.spongepowered.asm.mixin.transformer.TargetClassContext.applyMixins(TargetClassContext.java:418) ~[sponge-mixin-0.17.0+mixin.0.8.7.jar:0.17.0+mixin.0.8.7]
	at org.spongepowered.asm.mixin.transformer.MixinProcessor.applyMixins(MixinProcessor.java:352) [sponge-mixin-0.17.0+mixin.0.8.7.jar:0.17.0+mixin.0.8.7]
	at org.spongepowered.asm.mixin.transformer.MixinTransformer.transformClass(MixinTransformer.java:237) [sponge-mixin-0.17.0+mixin.0.8.7.jar:0.17.0+mixin.0.8.7]
	at org.spongepowered.asm.mixin.transformer.MixinTransformer.transformClassBytes(MixinTransformer.java:202) [sponge-mixin-0.17.0+mixin.0.8.7.jar:0.17.0+mixin.0.8.7]
	at net.fabricmc.loader.impl.launch.knot.KnotClassDelegate.getPostMixinClassByteArray(KnotClassDelegate.java:435) [fabric-loader-0.18.4.jar:?]
	at net.fabricmc.loader.impl.launch.knot.KnotClassDelegate.tryLoadClass(KnotClassDelegate.java:336) [fabric-loader-0.18.4.jar:?]
	at net.fabricmc.loader.impl.launch.knot.KnotClassDelegate.loadClass(KnotClassDelegate.java:231) [fabric-loader-0.18.4.jar:?]
	at net.fabricmc.loader.impl.launch.knot.KnotClassLoader.loadClass(KnotClassLoader.java:119) [fabric-loader-0.18.4.jar:?]
	at java.base/java.lang.ClassLoader.loadClass(ClassLoader.java:526) ~[?:?]
	at java.base/java.lang.ClassLoader.defineClass1(Native Method) [?:?]
	at java.base/java.lang.ClassLoader.defineClass(ClassLoader.java:1027) [?:?]
	at java.base/java.security.SecureClassLoader.defineClass(SecureClassLoader.java:150) [?:?]
	at net.fabricmc.loader.impl.launch.knot.KnotClassLoader.defineClassFwd(KnotClassLoader.java:165) [fabric-loader-0.18.4.jar:?]
	at net.fabricmc.loader.impl.launch.knot.KnotClassDelegate.tryLoadClass(KnotClassDelegate.java:368) [fabric-loader-0.18.4.jar:?]
	at net.fabricmc.loader.impl.launch.knot.KnotClassDelegate.loadClass(KnotClassDelegate.java:231) [fabric-loader-0.18.4.jar:?]
	at net.fabricmc.loader.impl.launch.knot.KnotClassLoader.loadClass(KnotClassLoader.java:119) [fabric-loader-0.18.4.jar:?]
	at java.base/java.lang.ClassLoader.loadClass(ClassLoader.java:526) ~[?:?]
	at java.base/java.lang.ClassLoader.defineClass1(Native Method) [?:?]
	at java.base/java.lang.ClassLoader.defineClass(ClassLoader.java:1027) [?:?]
	at java.base/java.security.SecureClassLoader.defineClass(SecureClassLoader.java:150) [?:?]
	at net.fabricmc.loader.impl.launch.knot.KnotClassLoader.defineClassFwd(KnotClassLoader.java:165) [fabric-loader-0.18.4.jar:?]
	at net.fabricmc.loader.impl.launch.knot.KnotClassDelegate.tryLoadClass(KnotClassDelegate.java:368) [fabric-loader-0.18.4.jar:?]
	at net.fabricmc.loader.impl.launch.knot.KnotClassDelegate.loadClass(KnotClassDelegate.java:231) [fabric-loader-0.18.4.jar:?]
	at net.fabricmc.loader.impl.launch.knot.KnotClassLoader.loadClass(KnotClassLoader.java:119) [fabric-loader-0.18.4.jar:?]
	at java.base/java.lang.ClassLoader.loadClass(ClassLoader.java:526) [?:?]
	at knot/net.minecraft.client.main.Main.main(Main.java:243) [client-intermediary.jar:?]
	at net.fabricmc.loader.impl.game.minecraft.MinecraftGameProvider.launch(MinecraftGameProvider.java:514) [fabric-loader-0.18.4.jar:?]
	at net.fabricmc.loader.impl.launch.knot.Knot.launch(Knot.java:72) [fabric-loader-0.18.4.jar:?]
	at net.fabricmc.loader.impl.launch.knot.KnotClient.main(KnotClient.java:23) [fabric-loader-0.18.4.jar:?]
[04:05:24] [Render thread/ERROR]: Minecraft has crashed!
net.fabricmc.loader.impl.FormattedException: java.lang.RuntimeException: Mixin transformation of net.minecraft.class_465 failed
	at net.fabricmc.loader.impl.FormattedException.ofLocalized(FormattedException.java:63) ~[fabric-loader-0.18.4.jar:?]
	at net.fabricmc.loader.impl.game.minecraft.MinecraftGameProvider.launch(MinecraftGameProvider.java:516) ~[fabric-loader-0.18.4.jar:?]
	at net.fabricmc.loader.impl.launch.knot.Knot.launch(Knot.java:72) [fabric-loader-0.18.4.jar:?]
	at net.fabricmc.loader.impl.launch.knot.KnotClient.main(KnotClient.java:23) [fabric-loader-0.18.4.jar:?]
Caused by: java.lang.RuntimeException: Mixin transformation of net.minecraft.class_465 failed
	at net.fabricmc.loader.impl.launch.knot.KnotClassDelegate.getPostMixinClassByteArray(KnotClassDelegate.java:440) ~[fabric-loader-0.18.4.jar:?]
	at net.fabricmc.loader.impl.launch.knot.KnotClassDelegate.tryLoadClass(KnotClassDelegate.java:336) ~[fabric-loader-0.18.4.jar:?]
	at net.fabricmc.loader.impl.launch.knot.KnotClassDelegate.loadClass(KnotClassDelegate.java:231) ~[fabric-loader-0.18.4.jar:?]
	at net.fabricmc.loader.impl.launch.knot.KnotClassLoader.loadClass(KnotClassLoader.java:119) ~[fabric-loader-0.18.4.jar:?]
	at java.base/java.lang.ClassLoader.loadClass(ClassLoader.java:526) ~[?:?]
	at java.base/java.lang.ClassLoader.defineClass1(Native Method) ~[?:?]
	at java.base/java.lang.ClassLoader.defineClass(ClassLoader.java:1027) ~[?:?]
	at java.base/java.security.SecureClassLoader.defineClass(SecureClassLoader.java:150) ~[?:?]
	at net.fabricmc.loader.impl.launch.knot.KnotClassLoader.defineClassFwd(KnotClassLoader.java:165) ~[fabric-loader-0.18.4.jar:?]
	at net.fabricmc.loader.impl.launch.knot.KnotClassDelegate.tryLoadClass(KnotClassDelegate.java:368) ~[fabric-loader-0.18.4.jar:?]
	at net.fabricmc.loader.impl.launch.knot.KnotClassDelegate.loadClass(KnotClassDelegate.java:231) ~[fabric-loader-0.18.4.jar:?]
	at net.fabricmc.loader.impl.launch.knot.KnotClassLoader.loadClass(KnotClassLoader.java:119) ~[fabric-loader-0.18.4.jar:?]
	at java.base/java.lang.ClassLoader.loadClass(ClassLoader.java:526) ~[?:?]
	at java.base/java.lang.ClassLoader.defineClass1(Native Method) ~[?:?]
	at java.base/java.lang.ClassLoader.defineClass(ClassLoader.java:1027) ~[?:?]
	at java.base/java.security.SecureClassLoader.defineClass(SecureClassLoader.java:150) ~[?:?]
	at net.fabricmc.loader.impl.launch.knot.KnotClassLoader.defineClassFwd(KnotClassLoader.java:165) ~[fabric-loader-0.18.4.jar:?]
	at net.fabricmc.loader.impl.launch.knot.KnotClassDelegate.tryLoadClass(KnotClassDelegate.java:368) ~[fabric-loader-0.18.4.jar:?]
	at net.fabricmc.loader.impl.launch.knot.KnotClassDelegate.loadClass(KnotClassDelegate.java:231) ~[fabric-loader-0.18.4.jar:?]
	at net.fabricmc.loader.impl.launch.knot.KnotClassLoader.loadClass(KnotClassLoader.java:119) ~[fabric-loader-0.18.4.jar:?]
	at java.base/java.lang.ClassLoader.loadClass(ClassLoader.java:526) ~[?:?]
	at knot/net.minecraft.client.main.Main.main(Main.java:243) ~[PerformiumPVP.jar:?]
	at net.fabricmc.loader.impl.game.minecraft.MinecraftGameProvider.launch(MinecraftGameProvider.java:514) ~[fabric-loader-0.18.4.jar:?]
	... 2 more
Caused by: org.spongepowered.asm.mixin.transformer.throwables.MixinTransformerError: An unexpected critical error was encountered
	at org.spongepowered.asm.mixin.transformer.MixinProcessor.applyMixins(MixinProcessor.java:381) ~[sponge-mixin-0.17.0+mixin.0.8.7.jar:0.17.0+mixin.0.8.7]
	at org.spongepowered.asm.mixin.transformer.MixinTransformer.transformClass(MixinTransformer.java:237) ~[sponge-mixin-0.17.0+mixin.0.8.7.jar:0.17.0+mixin.0.8.7]
	at org.spongepowered.asm.mixin.transformer.MixinTransformer.transformClassBytes(MixinTransformer.java:202) ~[sponge-mixin-0.17.0+mixin.0.8.7.jar:0.17.0+mixin.0.8.7]
	at net.fabricmc.loader.impl.launch.knot.KnotClassDelegate.getPostMixinClassByteArray(KnotClassDelegate.java:435) ~[fabric-loader-0.18.4.jar:?]
	at net.fabricmc.loader.impl.launch.knot.KnotClassDelegate.tryLoadClass(KnotClassDelegate.java:336) ~[fabric-loader-0.18.4.jar:?]
	at net.fabricmc.loader.impl.launch.knot.KnotClassDelegate.loadClass(KnotClassDelegate.java:231) ~[fabric-loader-0.18.4.jar:?]
	at net.fabricmc.loader.impl.launch.knot.KnotClassLoader.loadClass(KnotClassLoader.java:119) ~[fabric-loader-0.18.4.jar:?]
	at java.base/java.lang.ClassLoader.loadClass(ClassLoader.java:526) ~[?:?]
	at java.base/java.lang.ClassLoader.defineClass1(Native Method) ~[?:?]
	at java.base/java.lang.ClassLoader.defineClass(ClassLoader.java:1027) ~[?:?]
	at java.base/java.security.SecureClassLoader.defineClass(SecureClassLoader.java:150) ~[?:?]
	at net.fabricmc.loader.impl.launch.knot.KnotClassLoader.defineClassFwd(KnotClassLoader.java:165) ~[fabric-loader-0.18.4.jar:?]
	at net.fabricmc.loader.impl.launch.knot.KnotClassDelegate.tryLoadClass(KnotClassDelegate.java:368) ~[fabric-loader-0.18.4.jar:?]
	at net.fabricmc.loader.impl.launch.knot.KnotClassDelegate.loadClass(KnotClassDelegate.java:231) ~[fabric-loader-0.18.4.jar:?]
	at net.fabricmc.loader.impl.launch.knot.KnotClassLoader.loadClass(KnotClassLoader.java:119) ~[fabric-loader-0.18.4.jar:?]
	at java.base/java.lang.ClassLoader.loadClass(ClassLoader.java:526) ~[?:?]
	at java.base/java.lang.ClassLoader.defineClass1(Native Method) ~[?:?]
	at java.base/java.lang.ClassLoader.defineClass(ClassLoader.java:1027) ~[?:?]
	at java.base/java.security.SecureClassLoader.defineClass(SecureClassLoader.java:150) ~[?:?]
	at net.fabricmc.loader.impl.launch.knot.KnotClassLoader.defineClassFwd(KnotClassLoader.java:165) ~[fabric-loader-0.18.4.jar:?]
	at net.fabricmc.loader.impl.launch.knot.KnotClassDelegate.tryLoadClass(KnotClassDelegate.java:368) ~[fabric-loader-0.18.4.jar:?]
	at net.fabricmc.loader.impl.launch.knot.KnotClassDelegate.loadClass(KnotClassDelegate.java:231) ~[fabric-loader-0.18.4.jar:?]
	at net.fabricmc.loader.impl.launch.knot.KnotClassLoader.loadClass(KnotClassLoader.java:119) ~[fabric-loader-0.18.4.jar:?]
	at java.base/java.lang.ClassLoader.loadClass(ClassLoader.java:526) ~[?:?]
	at knot/net.minecraft.client.main.Main.main(Main.java:243) ~[PerformiumPVP.jar:?]
	at net.fabricmc.loader.impl.game.minecraft.MinecraftGameProvider.launch(MinecraftGameProvider.java:514) ~[fabric-loader-0.18.4.jar:?]
	... 2 more
Caused by: org.spongepowered.asm.mixin.throwables.MixinApplyError: Mixin [quickmovekeybinding.mixins.json:HandledScreenMixin from mod quickmovekeybinding] from phase [DEFAULT] in config [quickmovekeybinding.mixins.json] FAILED during APPLY
	at org.spongepowered.asm.mixin.transformer.MixinProcessor.handleMixinError(MixinProcessor.java:686) ~[sponge-mixin-0.17.0+mixin.0.8.7.jar:0.17.0+mixin.0.8.7]
	at org.spongepowered.asm.mixin.transformer.MixinProcessor.handleMixinApplyError(MixinProcessor.java:637) ~[sponge-mixin-0.17.0+mixin.0.8.7.jar:0.17.0+mixin.0.8.7]
	at org.spongepowered.asm.mixin.transformer.MixinProcessor.applyMixins(MixinProcessor.java:368) ~[sponge-mixin-0.17.0+mixin.0.8.7.jar:0.17.0+mixin.0.8.7]
	at org.spongepowered.asm.mixin.transformer.MixinTransformer.transformClass(MixinTransformer.java:237) ~[sponge-mixin-0.17.0+mixin.0.8.7.jar:0.17.0+mixin.0.8.7]
	at org.spongepowered.asm.mixin.transformer.MixinTransformer.transformClassBytes(MixinTransformer.java:202) ~[sponge-mixin-0.17.0+mixin.0.8.7.jar:0.17.0+mixin.0.8.7]
	at net.fabricmc.loader.impl.launch.knot.KnotClassDelegate.getPostMixinClassByteArray(KnotClassDelegate.java:435) ~[fabric-loader-0.18.4.jar:?]
	at net.fabricmc.loader.impl.launch.knot.KnotClassDelegate.tryLoadClass(KnotClassDelegate.java:336) ~[fabric-loader-0.18.4.jar:?]
	at net.fabricmc.loader.impl.launch.knot.KnotClassDelegate.loadClass(KnotClassDelegate.java:231) ~[fabric-loader-0.18.4.jar:?]
	at net.fabricmc.loader.impl.launch.knot.KnotClassLoader.loadClass(KnotClassLoader.java:119) ~[fabric-loader-0.18.4.jar:?]
	at java.base/java.lang.ClassLoader.loadClass(ClassLoader.java:526) ~[?:?]
	at java.base/java.lang.ClassLoader.defineClass1(Native Method) ~[?:?]
	at java.base/java.lang.ClassLoader.defineClass(ClassLoader.java:1027) ~[?:?]
	at java.base/java.security.SecureClassLoader.defineClass(SecureClassLoader.java:150) ~[?:?]
	at net.fabricmc.loader.impl.launch.knot.KnotClassLoader.defineClassFwd(KnotClassLoader.java:165) ~[fabric-loader-0.18.4.jar:?]
	at net.fabricmc.loader.impl.launch.knot.KnotClassDelegate.tryLoadClass(KnotClassDelegate.java:368) ~[fabric-loader-0.18.4.jar:?]
	at net.fabricmc.loader.impl.launch.knot.KnotClassDelegate.loadClass(KnotClassDelegate.java:231) ~[fabric-loader-0.18.4.jar:?]
	at net.fabricmc.loader.impl.launch.knot.KnotClassLoader.loadClass(KnotClassLoader.java:119) ~[fabric-loader-0.18.4.jar:?]
	at java.base/java.lang.ClassLoader.loadClass(ClassLoader.java:526) ~[?:?]
	at java.base/java.lang.ClassLoader.defineClass1(Native Method) ~[?:?]
	at java.base/java.lang.ClassLoader.defineClass(ClassLoader.java:1027) ~[?:?]
	at java.base/java.security.SecureClassLoader.defineClass(SecureClassLoader.java:150) ~[?:?]
	at net.fabricmc.loader.impl.launch.knot.KnotClassLoader.defineClassFwd(KnotClassLoader.java:165) ~[fabric-loader-0.18.4.jar:?]
	at net.fabricmc.loader.impl.launch.knot.KnotClassDelegate.tryLoadClass(KnotClassDelegate.java:368) ~[fabric-loader-0.18.4.jar:?]
	at net.fabricmc.loader.impl.launch.knot.KnotClassDelegate.loadClass(KnotClassDelegate.java:231) ~[fabric-loader-0.18.4.jar:?]
	at net.fabricmc.loader.impl.launch.knot.KnotClassLoader.loadClass(KnotClassLoader.java:119) ~[fabric-loader-0.18.4.jar:?]
	at java.base/java.lang.ClassLoader.loadClass(ClassLoader.java:526) ~[?:?]
	at knot/net.minecraft.client.main.Main.main(Main.java:243) ~[PerformiumPVP.jar:?]
	at net.fabricmc.loader.impl.game.minecraft.MinecraftGameProvider.launch(MinecraftGameProvider.java:514) ~[fabric-loader-0.18.4.jar:?]
	... 2 more
Caused by: org.spongepowered.asm.mixin.injection.throwables.InvalidInjectionException: Critical injection failure: @WrapOperation annotation on quickmovekeybinding$customShift could not find any targets matching 'mouseClicked' in net/minecraft/class_465. No refMap loaded. [INJECT_PREPARE Applicator Phase -> quickmovekeybinding.mixins.json:HandledScreenMixin from mod quickmovekeybinding -> Prepare Injections -> wrapOperation$dgm000$quickmovekeybinding$customShift(Lcom/llamalad7/mixinextras/injector/wrapoperation/Operation;)Z -> Parse ->  -> Validate Targets]
	at org.spongepowered.asm.mixin.injection.selectors.TargetSelectors.validate(TargetSelectors.java:346) ~[sponge-mixin-0.17.0+mixin.0.8.7.jar:0.17.0+mixin.0.8.7]
	at org.spongepowered.asm.mixin.injection.struct.InjectionInfo.readAnnotation(InjectionInfo.java:369) ~[sponge-mixin-0.17.0+mixin.0.8.7.jar:0.17.0+mixin.0.8.7]
	at org.spongepowered.asm.mixin.injection.struct.InjectionInfo.<init>(InjectionInfo.java:340) ~[sponge-mixin-0.17.0+mixin.0.8.7.jar:0.17.0+mixin.0.8.7]
	at knot/com.llamalad7.mixinextras.injector.MixinExtrasInjectionInfo.<init>(MixinExtrasInjectionInfo.java:14) ~[mixinextras-0.5.0-1f6627383f457848.jar:?]
	at knot/com.llamalad7.mixinextras.injector.MixinExtrasLateInjectionInfo.<init>(MixinExtrasLateInjectionInfo.java:19) ~[mixinextras-0.5.0-1f6627383f457848.jar:?]
	at knot/com.llamalad7.mixinextras.injector.wrapoperation.WrapOperationInjectionInfo.<init>(WrapOperationInjectionInfo.java:28) ~[mixinextras-0.5.0-1f6627383f457848.jar:?]
	at java.base/jdk.internal.reflect.DirectConstructorHandleAccessor.newInstance(DirectConstructorHandleAccessor.java:62) ~[?:?]
	at java.base/java.lang.reflect.Constructor.newInstanceWithCaller(Constructor.java:502) ~[?:?]
	at java.base/java.lang.reflect.Constructor.newInstance(Constructor.java:486) ~[?:?]
	at org.spongepowered.asm.mixin.injection.struct.InjectionInfo$InjectorEntry.create(InjectionInfo.java:196) ~[sponge-mixin-0.17.0+mixin.0.8.7.jar:0.17.0+mixin.0.8.7]
	at org.spongepowered.asm.mixin.injection.struct.InjectionInfo.parse(InjectionInfo.java:664) ~[sponge-mixin-0.17.0+mixin.0.8.7.jar:0.17.0+mixin.0.8.7]
	at org.spongepowered.asm.mixin.transformer.MixinTargetContext.prepareInjections(MixinTargetContext.java:1396) ~[sponge-mixin-0.17.0+mixin.0.8.7.jar:0.17.0+mixin.0.8.7]
	at org.spongepowered.asm.mixin.transformer.MixinApplicatorStandard.prepareInjections(MixinApplicatorStandard.java:731) ~[sponge-mixin-0.17.0+mixin.0.8.7.jar:0.17.0+mixin.0.8.7]
	at org.spongepowered.asm.mixin.transformer.MixinApplicatorStandard.applyMixin(MixinApplicatorStandard.java:315) ~[sponge-mixin-0.17.0+mixin.0.8.7.jar:0.17.0+mixin.0.8.7]
	at org.spongepowered.asm.mixin.transformer.MixinApplicatorStandard.apply(MixinApplicatorStandard.java:246) ~[sponge-mixin-0.17.0+mixin.0.8.7.jar:0.17.0+mixin.0.8.7]
	at org.spongepowered.asm.mixin.transformer.TargetClassContext.apply(TargetClassContext.java:437) ~[sponge-mixin-0.17.0+mixin.0.8.7.jar:0.17.0+mixin.0.8.7]
	at org.spongepowered.asm.mixin.transformer.TargetClassContext.applyMixins(TargetClassContext.java:418) ~[sponge-mixin-0.17.0+mixin.0.8.7.jar:0.17.0+mixin.0.8.7]
	at org.spongepowered.asm.mixin.transformer.MixinProcessor.applyMixins(MixinProcessor.java:352) ~[sponge-mixin-0.17.0+mixin.0.8.7.jar:0.17.0+mixin.0.8.7]
	at org.spongepowered.asm.mixin.transformer.MixinTransformer.transformClass(MixinTransformer.java:237) ~[sponge-mixin-0.17.0+mixin.0.8.7.jar:0.17.0+mixin.0.8.7]
	at org.spongepowered.asm.mixin.transformer.MixinTransformer.transformClassBytes(MixinTransformer.java:202) ~[sponge-mixin-0.17.0+mixin.0.8.7.jar:0.17.0+mixin.0.8.7]
	at net.fabricmc.loader.impl.launch.knot.KnotClassDelegate.getPostMixinClassByteArray(KnotClassDelegate.java:435) ~[fabric-loader-0.18.4.jar:?]
	at net.fabricmc.loader.impl.launch.knot.KnotClassDelegate.tryLoadClass(KnotClassDelegate.java:336) ~[fabric-loader-0.18.4.jar:?]
	at net.fabricmc.loader.impl.launch.knot.KnotClassDelegate.loadClass(KnotClassDelegate.java:231) ~[fabric-loader-0.18.4.jar:?]
	at net.fabricmc.loader.impl.launch.knot.KnotClassLoader.loadClass(KnotClassLoader.java:119) ~[fabric-loader-0.18.4.jar:?]
	at java.base/java.lang.ClassLoader.loadClass(ClassLoader.java:526) ~[?:?]
	at java.base/java.lang.ClassLoader.defineClass1(Native Method) ~[?:?]
	at java.base/java.lang.ClassLoader.defineClass(ClassLoader.java:1027) ~[?:?]
	at java.base/java.security.SecureClassLoader.defineClass(SecureClassLoader.java:150) ~[?:?]
	at net.fabricmc.loader.impl.launch.knot.KnotClassLoader.defineClassFwd(KnotClassLoader.java:165) ~[fabric-loader-0.18.4.jar:?]
	at net.fabricmc.loader.impl.launch.knot.KnotClassDelegate.tryLoadClass(KnotClassDelegate.java:368) ~[fabric-loader-0.18.4.jar:?]
	at net.fabricmc.loader.impl.launch.knot.KnotClassDelegate.loadClass(KnotClassDelegate.java:231) ~[fabric-loader-0.18.4.jar:?]
	at net.fabricmc.loader.impl.launch.knot.KnotClassLoader.loadClass(KnotClassLoader.java:119) ~[fabric-loader-0.18.4.jar:?]
	at java.base/java.lang.ClassLoader.loadClass(ClassLoader.java:526) ~[?:?]
	at java.base/java.lang.ClassLoader.defineClass1(Native Method) ~[?:?]
	at java.base/java.lang.ClassLoader.defineClass(ClassLoader.java:1027) ~[?:?]
	at java.base/java.security.SecureClassLoader.defineClass(SecureClassLoader.java:150) ~[?:?]
	at net.fabricmc.loader.impl.launch.knot.KnotClassLoader.defineClassFwd(KnotClassLoader.java:165) ~[fabric-loader-0.18.4.jar:?]
	at net.fabricmc.loader.impl.launch.knot.KnotClassDelegate.tryLoadClass(KnotClassDelegate.java:368) ~[fabric-loader-0.18.4.jar:?]
	at net.fabricmc.loader.impl.launch.knot.KnotClassDelegate.loadClass(KnotClassDelegate.java:231) ~[fabric-loader-0.18.4.jar:?]
	at net.fabricmc.loader.impl.launch.knot.KnotClassLoader.loadClass(KnotClassLoader.java:119) ~[fabric-loader-0.18.4.jar:?]
	at java.base/java.lang.ClassLoader.loadClass(ClassLoader.java:526) ~[?:?]
	at knot/net.minecraft.client.main.Main.main(Main.java:243) ~[PerformiumPVP.jar:?]
	at net.fabricmc.loader.impl.game.minecraft.MinecraftGameProvider.launch(MinecraftGameProvider.java:514) ~[fabric-loader-0.18.4.jar:?]
	... 2 more
